2025-10-07 21:25:23 [main] INFO  b.p.A.ArCarteiraDigitalApplication - Starting ArCarteiraDigitalApplication using Java 17.0.14 with PID 11832 (/home/afonso/Documentos/Backend/ARCarteiraDigital/target/classes started by afonso in /home/afonso/Documentos/Backend)
2025-10-07 21:25:23 [main] DEBUG b.p.A.ArCarteiraDigitalApplication - Running with Spring Boot v3.2.0, Spring v6.1.1
2025-10-07 21:25:23 [main] INFO  b.p.A.ArCarteiraDigitalApplication - No active profile set, falling back to 1 default profile: "default"
2025-10-07 21:25:23 [main] INFO  o.s.d.r.c.RepositoryConfigurationDelegate - Bootstrapping Spring Data JPA repositories in DEFAULT mode.
2025-10-07 21:25:23 [main] INFO  o.s.d.r.c.RepositoryConfigurationDelegate - Finished Spring Data repository scanning in 11 ms. Found 0 JPA repository interfaces.
2025-10-07 21:25:24 [main] INFO  o.s.b.w.e.tomcat.TomcatWebServer - Tomcat initialized with port 8080 (http)
2025-10-07 21:25:24 [main] INFO  o.a.catalina.core.StandardService - Starting service [Tomcat]
2025-10-07 21:25:24 [main] INFO  o.a.catalina.core.StandardEngine - Starting Servlet engine: [Apache Tomcat/10.1.16]
2025-10-07 21:25:24 [main] INFO  o.a.c.c.C.[.[localhost].[/api] - Initializing Spring embedded WebApplicationContext
2025-10-07 21:25:24 [main] INFO  o.s.b.w.s.c.ServletWebServerApplicationContext - Root WebApplicationContext: initialization completed in 1385 ms
2025-10-07 21:25:24 [main] INFO  o.h.jpa.internal.util.LogHelper - HHH000204: Processing PersistenceUnitInfo [name: default]
2025-10-07 21:25:24 [main] INFO  org.hibernate.Version - HHH000412: Hibernate ORM core version 6.3.1.Final
2025-10-07 21:25:24 [main] INFO  o.h.c.i.RegionFactoryInitiator - HHH000026: Second-level cache disabled
2025-10-07 21:25:25 [main] INFO  o.s.o.j.p.SpringPersistenceUnitInfo - No LoadTimeWeaver setup: ignoring JPA class transformer
2025-10-07 21:25:25 [main] INFO  com.zaxxer.hikari.HikariDataSource - HikariPool-1 - Starting...
2025-10-07 21:25:25 [main] INFO  com.zaxxer.hikari.pool.HikariPool - HikariPool-1 - Added connection com.mysql.cj.jdbc.ConnectionImpl@e06ec83
2025-10-07 21:25:25 [main] INFO  com.zaxxer.hikari.HikariDataSource - HikariPool-1 - Start completed.
2025-10-07 21:25:25 [main] WARN  org.hibernate.orm.deprecation - HHH90000025: MySQLDialect does not need to be specified explicitly using 'hibernate.dialect' (remove the property setting and it will be selected by default)
2025-10-07 21:25:25 [main] INFO  o.h.e.t.j.p.i.JtaPlatformInitiator - HHH000489: No JTA platform available (set 'hibernate.transaction.jta.platform' to enable JTA platform integration)
2025-10-07 21:25:25 [main] INFO  o.s.o.j.LocalContainerEntityManagerFactoryBean - Initialized JPA EntityManagerFactory for persistence unit 'default'
2025-10-07 21:25:26 [main] DEBUG o.s.w.s.m.m.a.RequestMappingHandlerMapping - 6 mappings in 'requestMappingHandlerMapping'
2025-10-07 21:25:26 [main] DEBUG o.s.w.s.h.SimpleUrlHandlerMapping - Patterns [/webjars/**, /**, /swagger-ui*/*swagger-initializer.js, /swagger-ui*/**] in 'resourceHandlerMapping'
2025-10-07 21:25:26 [main] DEBUG o.s.w.s.m.m.a.RequestMappingHandlerAdapter - ControllerAdvice beans: 0 @ModelAttribute, 0 @InitBinder, 1 RequestBodyAdvice, 1 ResponseBodyAdvice
2025-10-07 21:25:26 [main] DEBUG o.s.w.s.m.m.a.ExceptionHandlerExceptionResolver - ControllerAdvice beans: 1 @ExceptionHandler, 1 ResponseBodyAdvice
2025-10-07 21:25:26 [main] WARN  o.s.b.a.s.s.UserDetailsServiceAutoConfiguration - 

Using generated security password: c6b88cef-a07e-4dad-9b7c-1e38e38018b5

This generated password is for development use only. Your security configuration must be updated before running your application in production.

2025-10-07 21:25:26 [main] INFO  o.s.s.web.DefaultSecurityFilterChain - Will secure any request with [org.springframework.security.web.session.DisableEncodeUrlFilter@33e6bd36, org.springframework.security.web.context.request.async.WebAsyncManagerIntegrationFilter@6e1d9b32, org.springframework.security.web.context.SecurityContextHolderFilter@59e4a044, org.springframework.security.web.header.HeaderWriterFilter@3294102e, org.springframework.web.filter.CorsFilter@2db6ba81, org.springframework.security.web.csrf.CsrfFilter@2c06e145, org.springframework.security.web.authentication.logout.LogoutFilter@31fc658f, org.springframework.security.web.authentication.UsernamePasswordAuthenticationFilter@5daa621b, org.springframework.security.web.authentication.ui.DefaultLoginPageGeneratingFilter@27bf574b, org.springframework.security.web.authentication.ui.DefaultLogoutPageGeneratingFilter@10728fe8, org.springframework.security.web.authentication.www.BasicAuthenticationFilter@7615666e, org.springframework.security.web.savedrequest.RequestCacheAwareFilter@5c03eb4e, org.springframework.security.web.servletapi.SecurityContextHolderAwareRequestFilter@6219006a, org.springframework.security.web.authentication.AnonymousAuthenticationFilter@16fb9fdd, org.springframework.security.web.access.ExceptionTranslationFilter@52f118aa, org.springframework.security.web.access.intercept.AuthorizationFilter@77e5c765]
2025-10-07 21:25:26 [main] INFO  o.s.b.w.e.tomcat.TomcatWebServer - Tomcat started on port 8080 (http) with context path '/api'
2025-10-07 21:25:26 [main] INFO  b.p.A.ArCarteiraDigitalApplication - Started ArCarteiraDigitalApplication in 4.152 seconds (process running for 5.329)
2025-10-07 21:31:37 [http-nio-8080-exec-9] INFO  o.a.c.c.C.[.[localhost].[/api] - Initializing Spring DispatcherServlet 'dispatcherServlet'
2025-10-07 21:31:37 [http-nio-8080-exec-9] INFO  o.s.web.servlet.DispatcherServlet - Initializing Servlet 'dispatcherServlet'
2025-10-07 21:31:37 [http-nio-8080-exec-9] DEBUG o.s.web.servlet.DispatcherServlet - Detected StandardServletMultipartResolver
2025-10-07 21:31:37 [http-nio-8080-exec-9] DEBUG o.s.web.servlet.DispatcherServlet - Detected AcceptHeaderLocaleResolver
2025-10-07 21:31:37 [http-nio-8080-exec-9] DEBUG o.s.web.servlet.DispatcherServlet - Detected FixedThemeResolver
2025-10-07 21:31:37 [http-nio-8080-exec-9] DEBUG o.s.web.servlet.DispatcherServlet - Detected org.springframework.web.servlet.view.DefaultRequestToViewNameTranslator@6dc2e473
2025-10-07 21:31:37 [http-nio-8080-exec-9] DEBUG o.s.web.servlet.DispatcherServlet - Detected org.springframework.web.servlet.support.SessionFlashMapManager@5906ebfb
2025-10-07 21:31:37 [http-nio-8080-exec-9] DEBUG o.s.web.servlet.DispatcherServlet - enableLoggingRequestDetails='false': request parameters and headers will be masked to prevent unsafe logging of potentially sensitive data
2025-10-07 21:31:37 [http-nio-8080-exec-9] INFO  o.s.web.servlet.DispatcherServlet - Completed initialization in 2 ms
2025-10-07 21:31:37 [http-nio-8080-exec-9] DEBUG o.s.security.web.FilterChainProxy - Securing GET /
2025-10-07 21:31:37 [http-nio-8080-exec-9] WARN  o.s.w.s.h.HandlerMappingIntrospector - Cache miss for REQUEST dispatch to '/api/' (previous null). Performing CorsConfiguration lookup. This is logged once only at WARN level, and every time at TRACE.
2025-10-07 21:31:37 [http-nio-8080-exec-9] DEBUG o.s.s.w.a.AnonymousAuthenticationFilter - Set SecurityContextHolder to anonymous SecurityContext
2025-10-07 21:31:37 [http-nio-8080-exec-9] DEBUG o.s.s.w.s.HttpSessionRequestCache - Saved request http://localhost:8080/api/?continue to session
2025-10-07 21:31:37 [http-nio-8080-exec-9] DEBUG o.s.s.w.a.DelegatingAuthenticationEntryPoint - Trying to match using And [Not [RequestHeaderRequestMatcher [expectedHeaderName=X-Requested-With, expectedHeaderValue=XMLHttpRequest]], MediaTypeRequestMatcher [contentNegotiationStrategy=org.springframework.web.accept.ContentNegotiationManager@1f12d5e0, matchingMediaTypes=[application/xhtml+xml, image/*, text/html, text/plain], useEquals=false, ignoredMediaTypes=[*/*]]]
2025-10-07 21:31:37 [http-nio-8080-exec-9] DEBUG o.s.s.w.a.DelegatingAuthenticationEntryPoint - Match found! Executing org.springframework.security.web.authentication.LoginUrlAuthenticationEntryPoint@14e93c46
2025-10-07 21:31:37 [http-nio-8080-exec-9] DEBUG o.s.s.web.DefaultRedirectStrategy - Redirecting to http://localhost:8080/api/login
2025-10-07 21:31:37 [http-nio-8080-exec-10] DEBUG o.s.security.web.FilterChainProxy - Securing GET /login
2025-10-07 21:33:01 [http-nio-8080-exec-2] DEBUG o.s.security.web.FilterChainProxy - Securing POST /login
2025-10-07 21:33:01 [http-nio-8080-exec-2] DEBUG o.s.s.a.d.DaoAuthenticationProvider - Failed to authenticate since password does not match stored value
2025-10-07 21:33:01 [http-nio-8080-exec-2] DEBUG o.s.s.web.DefaultRedirectStrategy - Redirecting to /api/login?error
2025-10-07 21:33:01 [http-nio-8080-exec-3] DEBUG o.s.security.web.FilterChainProxy - Securing GET /login?error
2025-10-07 21:34:09 [SpringApplicationShutdownHook] INFO  o.s.o.j.LocalContainerEntityManagerFactoryBean - Closing JPA EntityManagerFactory for persistence unit 'default'
2025-10-07 21:34:09 [SpringApplicationShutdownHook] INFO  com.zaxxer.hikari.HikariDataSource - HikariPool-1 - Shutdown initiated...
2025-10-07 21:34:09 [SpringApplicationShutdownHook] INFO  com.zaxxer.hikari.HikariDataSource - HikariPool-1 - Shutdown completed.
2025-10-07 21:36:49 [main] INFO  b.p.A.ArCarteiraDigitalApplication - Starting ArCarteiraDigitalApplication using Java 17.0.14 with PID 13270 (/home/afonso/Documentos/Backend/ARCarteiraDigital/target/classes started by afonso in /home/afonso/Documentos/Backend)
2025-10-07 21:36:49 [main] INFO  b.p.A.ArCarteiraDigitalApplication - No active profile set, falling back to 1 default profile: "default"
2025-10-07 21:36:49 [main] INFO  o.s.d.r.c.RepositoryConfigurationDelegate - Bootstrapping Spring Data JPA repositories in DEFAULT mode.
2025-10-07 21:36:49 [main] INFO  o.s.d.r.c.RepositoryConfigurationDelegate - Finished Spring Data repository scanning in 11 ms. Found 0 JPA repository interfaces.
2025-10-07 21:36:50 [main] INFO  o.s.b.w.e.tomcat.TomcatWebServer - Tomcat initialized with port 8080 (http)
2025-10-07 21:36:50 [main] INFO  o.a.catalina.core.StandardService - Starting service [Tomcat]
2025-10-07 21:36:50 [main] INFO  o.a.catalina.core.StandardEngine - Starting Servlet engine: [Apache Tomcat/10.1.16]
2025-10-07 21:36:50 [main] INFO  o.a.c.c.C.[.[localhost].[/api] - Initializing Spring embedded WebApplicationContext
2025-10-07 21:36:50 [main] INFO  o.s.b.w.s.c.ServletWebServerApplicationContext - Root WebApplicationContext: initialization completed in 1276 ms
2025-10-07 21:36:50 [main] INFO  o.h.jpa.internal.util.LogHelper - HHH000204: Processing PersistenceUnitInfo [name: default]
2025-10-07 21:36:50 [main] INFO  org.hibernate.Version - HHH000412: Hibernate ORM core version 6.3.1.Final
2025-10-07 21:36:50 [main] INFO  o.h.c.i.RegionFactoryInitiator - HHH000026: Second-level cache disabled
2025-10-07 21:36:50 [main] INFO  o.s.o.j.p.SpringPersistenceUnitInfo - No LoadTimeWeaver setup: ignoring JPA class transformer
2025-10-07 21:36:50 [main] INFO  com.zaxxer.hikari.HikariDataSource - HikariPool-1 - Starting...
2025-10-07 21:36:51 [main] INFO  com.zaxxer.hikari.pool.HikariPool - HikariPool-1 - Added connection com.mysql.cj.jdbc.ConnectionImpl@425b5fe2
2025-10-07 21:36:51 [main] INFO  com.zaxxer.hikari.HikariDataSource - HikariPool-1 - Start completed.
2025-10-07 21:36:51 [main] WARN  org.hibernate.orm.deprecation - HHH90000025: MySQLDialect does not need to be specified explicitly using 'hibernate.dialect' (remove the property setting and it will be selected by default)
2025-10-07 21:36:51 [main] INFO  o.h.e.t.j.p.i.JtaPlatformInitiator - HHH000489: No JTA platform available (set 'hibernate.transaction.jta.platform' to enable JTA platform integration)
2025-10-07 21:36:51 [main] INFO  o.s.o.j.LocalContainerEntityManagerFactoryBean - Initialized JPA EntityManagerFactory for persistence unit 'default'
2025-10-07 21:36:51 [main] DEBUG o.s.w.s.m.m.a.RequestMappingHandlerMapping - 6 mappings in 'requestMappingHandlerMapping'
2025-10-07 21:36:51 [main] DEBUG o.s.w.s.h.SimpleUrlHandlerMapping - Patterns [/webjars/**, /**, /swagger-ui*/*swagger-initializer.js, /swagger-ui*/**] in 'resourceHandlerMapping'
2025-10-07 21:36:51 [main] DEBUG o.s.w.s.m.m.a.RequestMappingHandlerAdapter - ControllerAdvice beans: 0 @ModelAttribute, 0 @InitBinder, 1 RequestBodyAdvice, 1 ResponseBodyAdvice
2025-10-07 21:36:51 [main] DEBUG o.s.w.s.m.m.a.ExceptionHandlerExceptionResolver - ControllerAdvice beans: 1 @ExceptionHandler, 1 ResponseBodyAdvice
2025-10-07 21:36:51 [main] WARN  o.s.b.a.s.s.UserDetailsServiceAutoConfiguration - 

Using generated security password: b356e27e-79dc-4745-8d3b-1ed0a15ab12d

This generated password is for development use only. Your security configuration must be updated before running your application in production.

2025-10-07 21:36:52 [main] INFO  o.s.s.web.DefaultSecurityFilterChain - Will secure any request with [org.springframework.security.web.session.DisableEncodeUrlFilter@6d41200c, org.springframework.security.web.context.request.async.WebAsyncManagerIntegrationFilter@522fb69, org.springframework.security.web.context.SecurityContextHolderFilter@44117b0d, org.springframework.security.web.header.HeaderWriterFilter@7c37ac3c, org.springframework.web.filter.CorsFilter@593354fa, org.springframework.security.web.csrf.CsrfFilter@4ef28dc4, org.springframework.security.web.authentication.logout.LogoutFilter@7910e307, org.springframework.security.web.authentication.UsernamePasswordAuthenticationFilter@5b028f58, org.springframework.security.web.authentication.ui.DefaultLoginPageGeneratingFilter@3f142e87, org.springframework.security.web.authentication.ui.DefaultLogoutPageGeneratingFilter@6dfebd2a, org.springframework.security.web.authentication.www.BasicAuthenticationFilter@5667dd90, org.springframework.security.web.savedrequest.RequestCacheAwareFilter@35d2312f, org.springframework.security.web.servletapi.SecurityContextHolderAwareRequestFilter@1b26fac2, org.springframework.security.web.authentication.AnonymousAuthenticationFilter@9dbb1d9, org.springframework.security.web.access.ExceptionTranslationFilter@62159fd, org.springframework.security.web.access.intercept.AuthorizationFilter@5e5d40ec]
2025-10-07 21:36:52 [main] INFO  o.s.b.w.e.tomcat.TomcatWebServer - Tomcat started on port 8080 (http) with context path '/api'
2025-10-07 21:36:52 [main] INFO  b.p.A.ArCarteiraDigitalApplication - Started ArCarteiraDigitalApplication in 3.594 seconds (process running for 4.566)
2025-10-07 21:40:18 [SpringApplicationShutdownHook] INFO  o.s.o.j.LocalContainerEntityManagerFactoryBean - Closing JPA EntityManagerFactory for persistence unit 'default'
2025-10-07 21:40:18 [SpringApplicationShutdownHook] INFO  com.zaxxer.hikari.HikariDataSource - HikariPool-1 - Shutdown initiated...
2025-10-07 21:40:18 [SpringApplicationShutdownHook] INFO  com.zaxxer.hikari.HikariDataSource - HikariPool-1 - Shutdown completed.
2025-10-07 22:04:31 [main] INFO  b.p.A.ArCarteiraDigitalApplication - Starting ArCarteiraDigitalApplication using Java 17.0.14 with PID 17001 (/home/afonso/Documentos/Backend/ARCarteiraDigital/target/classes started by afonso in /home/afonso/Documentos/Backend)
2025-10-07 22:04:31 [main] DEBUG b.p.A.ArCarteiraDigitalApplication - Running with Spring Boot v3.2.0, Spring v6.1.1
2025-10-07 22:04:31 [main] INFO  b.p.A.ArCarteiraDigitalApplication - No active profile set, falling back to 1 default profile: "default"
2025-10-07 22:04:31 [main] INFO  o.s.d.r.c.RepositoryConfigurationDelegate - Bootstrapping Spring Data JPA repositories in DEFAULT mode.
2025-10-07 22:04:31 [main] INFO  o.s.d.r.c.RepositoryConfigurationDelegate - Finished Spring Data repository scanning in 11 ms. Found 0 JPA repository interfaces.
2025-10-07 22:04:32 [main] INFO  o.s.b.w.e.tomcat.TomcatWebServer - Tomcat initialized with port 8080 (http)
2025-10-07 22:04:32 [main] INFO  o.a.catalina.core.StandardService - Starting service [Tomcat]
2025-10-07 22:04:32 [main] INFO  o.a.catalina.core.StandardEngine - Starting Servlet engine: [Apache Tomcat/10.1.16]
2025-10-07 22:04:32 [main] INFO  o.a.c.c.C.[.[localhost].[/api] - Initializing Spring embedded WebApplicationContext
2025-10-07 22:04:32 [main] INFO  o.s.b.w.s.c.ServletWebServerApplicationContext - Root WebApplicationContext: initialization completed in 1401 ms
2025-10-07 22:04:32 [main] INFO  o.h.jpa.internal.util.LogHelper - HHH000204: Processing PersistenceUnitInfo [name: default]
2025-10-07 22:04:32 [main] INFO  org.hibernate.Version - HHH000412: Hibernate ORM core version 6.3.1.Final
2025-10-07 22:04:32 [main] INFO  o.h.c.i.RegionFactoryInitiator - HHH000026: Second-level cache disabled
2025-10-07 22:04:33 [main] INFO  o.s.o.j.p.SpringPersistenceUnitInfo - No LoadTimeWeaver setup: ignoring JPA class transformer
2025-10-07 22:04:33 [main] INFO  com.zaxxer.hikari.HikariDataSource - HikariPool-1 - Starting...
2025-10-07 22:04:33 [main] INFO  com.zaxxer.hikari.pool.HikariPool - HikariPool-1 - Added connection com.mysql.cj.jdbc.ConnectionImpl@1de85972
2025-10-07 22:04:33 [main] INFO  com.zaxxer.hikari.HikariDataSource - HikariPool-1 - Start completed.
2025-10-07 22:04:33 [main] WARN  org.hibernate.orm.deprecation - HHH90000025: MySQLDialect does not need to be specified explicitly using 'hibernate.dialect' (remove the property setting and it will be selected by default)
2025-10-07 22:04:33 [main] INFO  o.h.e.t.j.p.i.JtaPlatformInitiator - HHH000489: No JTA platform available (set 'hibernate.transaction.jta.platform' to enable JTA platform integration)
2025-10-07 22:04:33 [main] INFO  o.s.o.j.LocalContainerEntityManagerFactoryBean - Initialized JPA EntityManagerFactory for persistence unit 'default'
2025-10-07 22:04:33 [main] DEBUG o.s.w.s.m.m.a.RequestMappingHandlerMapping - 6 mappings in 'requestMappingHandlerMapping'
2025-10-07 22:04:33 [main] DEBUG o.s.w.s.h.SimpleUrlHandlerMapping - Patterns [/webjars/**, /**, /swagger-ui*/*swagger-initializer.js, /swagger-ui*/**] in 'resourceHandlerMapping'
2025-10-07 22:04:33 [main] DEBUG o.s.w.s.m.m.a.RequestMappingHandlerAdapter - ControllerAdvice beans: 0 @ModelAttribute, 0 @InitBinder, 1 RequestBodyAdvice, 1 ResponseBodyAdvice
2025-10-07 22:04:34 [main] DEBUG o.s.w.s.m.m.a.ExceptionHandlerExceptionResolver - ControllerAdvice beans: 1 @ExceptionHandler, 1 ResponseBodyAdvice
2025-10-07 22:04:34 [main] WARN  o.s.b.a.s.s.UserDetailsServiceAutoConfiguration - 

Using generated security password: 33b3a85b-960e-4bd8-bc0e-a4c64148cb1b

This generated password is for development use only. Your security configuration must be updated before running your application in production.

2025-10-07 22:04:34 [main] INFO  o.s.s.web.DefaultSecurityFilterChain - Will secure any request with [org.springframework.security.web.session.DisableEncodeUrlFilter@51aaa9d4, org.springframework.security.web.context.request.async.WebAsyncManagerIntegrationFilter@6292c63e, org.springframework.security.web.context.SecurityContextHolderFilter@5819ee0f, org.springframework.security.web.header.HeaderWriterFilter@165824f5, org.springframework.web.filter.CorsFilter@65bb4cb9, org.springframework.security.web.csrf.CsrfFilter@729c8def, org.springframework.security.web.authentication.logout.LogoutFilter@4be3de36, org.springframework.security.web.authentication.UsernamePasswordAuthenticationFilter@e88e14, org.springframework.security.web.authentication.ui.DefaultLoginPageGeneratingFilter@6885f3f7, org.springframework.security.web.authentication.ui.DefaultLogoutPageGeneratingFilter@7b33deed, org.springframework.security.web.authentication.www.BasicAuthenticationFilter@60ba6631, org.springframework.security.web.savedrequest.RequestCacheAwareFilter@424ec990, org.springframework.security.web.servletapi.SecurityContextHolderAwareRequestFilter@2c06e145, org.springframework.security.web.authentication.AnonymousAuthenticationFilter@7fd32c56, org.springframework.security.web.access.ExceptionTranslationFilter@4b7a4c83, org.springframework.security.web.access.intercept.AuthorizationFilter@67f0bf7e]
2025-10-07 22:04:34 [main] INFO  o.s.b.w.e.tomcat.TomcatWebServer - Tomcat started on port 8080 (http) with context path '/api'
2025-10-07 22:04:34 [main] INFO  b.p.A.ArCarteiraDigitalApplication - Started ArCarteiraDigitalApplication in 4.004 seconds (process running for 5.184)
2025-10-07 22:04:49 [http-nio-8080-exec-2] INFO  o.a.c.c.C.[.[localhost].[/api] - Initializing Spring DispatcherServlet 'dispatcherServlet'
2025-10-07 22:04:49 [http-nio-8080-exec-2] INFO  o.s.web.servlet.DispatcherServlet - Initializing Servlet 'dispatcherServlet'
2025-10-07 22:04:49 [http-nio-8080-exec-2] DEBUG o.s.web.servlet.DispatcherServlet - Detected StandardServletMultipartResolver
2025-10-07 22:04:49 [http-nio-8080-exec-2] DEBUG o.s.web.servlet.DispatcherServlet - Detected AcceptHeaderLocaleResolver
2025-10-07 22:04:49 [http-nio-8080-exec-2] DEBUG o.s.web.servlet.DispatcherServlet - Detected FixedThemeResolver
2025-10-07 22:04:49 [http-nio-8080-exec-2] DEBUG o.s.web.servlet.DispatcherServlet - Detected org.springframework.web.servlet.view.DefaultRequestToViewNameTranslator@4070c4ff
2025-10-07 22:04:49 [http-nio-8080-exec-2] DEBUG o.s.web.servlet.DispatcherServlet - Detected org.springframework.web.servlet.support.SessionFlashMapManager@6aae82cc
2025-10-07 22:04:49 [http-nio-8080-exec-2] DEBUG o.s.web.servlet.DispatcherServlet - enableLoggingRequestDetails='false': request parameters and headers will be masked to prevent unsafe logging of potentially sensitive data
2025-10-07 22:04:49 [http-nio-8080-exec-2] INFO  o.s.web.servlet.DispatcherServlet - Completed initialization in 2 ms
2025-10-07 22:04:49 [http-nio-8080-exec-2] DEBUG o.s.security.web.FilterChainProxy - Securing GET /swagger-ui.html
2025-10-07 22:04:49 [http-nio-8080-exec-2] WARN  o.s.w.s.h.HandlerMappingIntrospector - Cache miss for REQUEST dispatch to '/api/swagger-ui.html' (previous null). Performing CorsConfiguration lookup. This is logged once only at WARN level, and every time at TRACE.
2025-10-07 22:04:49 [http-nio-8080-exec-2] DEBUG o.s.s.w.a.AnonymousAuthenticationFilter - Set SecurityContextHolder to anonymous SecurityContext
2025-10-07 22:04:49 [http-nio-8080-exec-2] DEBUG o.s.s.w.s.HttpSessionRequestCache - Saved request http://localhost:8080/api/swagger-ui.html?continue to session
2025-10-07 22:04:49 [http-nio-8080-exec-2] DEBUG o.s.s.w.a.DelegatingAuthenticationEntryPoint - Trying to match using And [Not [RequestHeaderRequestMatcher [expectedHeaderName=X-Requested-With, expectedHeaderValue=XMLHttpRequest]], MediaTypeRequestMatcher [contentNegotiationStrategy=org.springframework.web.accept.ContentNegotiationManager@47ffa248, matchingMediaTypes=[application/xhtml+xml, image/*, text/html, text/plain], useEquals=false, ignoredMediaTypes=[*/*]]]
2025-10-07 22:04:49 [http-nio-8080-exec-2] DEBUG o.s.s.w.a.DelegatingAuthenticationEntryPoint - Match found! Executing org.springframework.security.web.authentication.LoginUrlAuthenticationEntryPoint@69ed96e1
2025-10-07 22:04:49 [http-nio-8080-exec-2] DEBUG o.s.s.web.DefaultRedirectStrategy - Redirecting to http://localhost:8080/api/login
2025-10-07 22:04:49 [http-nio-8080-exec-3] DEBUG o.s.security.web.FilterChainProxy - Securing GET /login
2025-10-07 22:04:54 [http-nio-8080-exec-4] DEBUG o.s.security.web.FilterChainProxy - Securing POST /login
2025-10-07 22:04:54 [http-nio-8080-exec-4] DEBUG o.s.s.a.d.DaoAuthenticationProvider - Failed to find user 'admin'
2025-10-07 22:04:54 [http-nio-8080-exec-4] DEBUG o.s.s.web.DefaultRedirectStrategy - Redirecting to /api/login?error
2025-10-07 22:04:54 [http-nio-8080-exec-5] DEBUG o.s.security.web.FilterChainProxy - Securing GET /login?error
2025-10-07 22:05:34 [http-nio-8080-exec-6] DEBUG o.s.security.web.FilterChainProxy - Securing POST /login
2025-10-07 22:05:34 [http-nio-8080-exec-6] DEBUG o.s.s.a.d.DaoAuthenticationProvider - Failed to find user 'user@cambio.com'
2025-10-07 22:05:34 [http-nio-8080-exec-6] DEBUG o.s.s.web.DefaultRedirectStrategy - Redirecting to /api/login?error
2025-10-07 22:05:34 [http-nio-8080-exec-7] DEBUG o.s.security.web.FilterChainProxy - Securing GET /login?error
2025-10-07 22:05:41 [http-nio-8080-exec-9] DEBUG o.s.security.web.FilterChainProxy - Securing POST /login
2025-10-07 22:05:41 [http-nio-8080-exec-9] DEBUG o.s.s.a.d.DaoAuthenticationProvider - Failed to find user 'user@cambio.com'
2025-10-07 22:05:41 [http-nio-8080-exec-9] DEBUG o.s.s.web.DefaultRedirectStrategy - Redirecting to /api/login?error
2025-10-07 22:05:41 [http-nio-8080-exec-10] DEBUG o.s.security.web.FilterChainProxy - Securing GET /login?error
2025-10-07 22:08:00 [http-nio-8080-exec-2] DEBUG o.s.security.web.FilterChainProxy - Securing GET /register
2025-10-07 22:08:00 [http-nio-8080-exec-2] DEBUG o.s.s.w.a.AnonymousAuthenticationFilter - Set SecurityContextHolder to anonymous SecurityContext
2025-10-07 22:08:00 [http-nio-8080-exec-2] DEBUG o.s.s.w.s.HttpSessionRequestCache - Saved request http://localhost:8080/api/register?continue to session
2025-10-07 22:08:00 [http-nio-8080-exec-2] DEBUG o.s.s.w.a.DelegatingAuthenticationEntryPoint - Trying to match using And [Not [RequestHeaderRequestMatcher [expectedHeaderName=X-Requested-With, expectedHeaderValue=XMLHttpRequest]], MediaTypeRequestMatcher [contentNegotiationStrategy=org.springframework.web.accept.ContentNegotiationManager@47ffa248, matchingMediaTypes=[application/xhtml+xml, image/*, text/html, text/plain], useEquals=false, ignoredMediaTypes=[*/*]]]
2025-10-07 22:08:00 [http-nio-8080-exec-2] DEBUG o.s.s.w.a.DelegatingAuthenticationEntryPoint - Match found! Executing org.springframework.security.web.authentication.LoginUrlAuthenticationEntryPoint@69ed96e1
2025-10-07 22:08:00 [http-nio-8080-exec-2] DEBUG o.s.s.web.DefaultRedirectStrategy - Redirecting to http://localhost:8080/api/login
2025-10-07 22:08:00 [http-nio-8080-exec-3] DEBUG o.s.security.web.FilterChainProxy - Securing GET /login
2025-10-07 22:14:12 [http-nio-8080-exec-5] DEBUG o.s.security.web.FilterChainProxy - Securing GET /register/POST/api/auth/register
2025-10-07 22:14:12 [http-nio-8080-exec-5] DEBUG o.s.s.w.a.AnonymousAuthenticationFilter - Set SecurityContextHolder to anonymous SecurityContext
2025-10-07 22:14:12 [http-nio-8080-exec-5] DEBUG o.s.s.w.s.HttpSessionRequestCache - Saved request http://localhost:8080/api/register/POST/api/auth/register?continue to session
2025-10-07 22:14:12 [http-nio-8080-exec-5] DEBUG o.s.s.w.a.DelegatingAuthenticationEntryPoint - Trying to match using And [Not [RequestHeaderRequestMatcher [expectedHeaderName=X-Requested-With, expectedHeaderValue=XMLHttpRequest]], MediaTypeRequestMatcher [contentNegotiationStrategy=org.springframework.web.accept.ContentNegotiationManager@47ffa248, matchingMediaTypes=[application/xhtml+xml, image/*, text/html, text/plain], useEquals=false, ignoredMediaTypes=[*/*]]]
2025-10-07 22:14:12 [http-nio-8080-exec-5] DEBUG o.s.s.w.a.DelegatingAuthenticationEntryPoint - Match found! Executing org.springframework.security.web.authentication.LoginUrlAuthenticationEntryPoint@69ed96e1
2025-10-07 22:14:12 [http-nio-8080-exec-5] DEBUG o.s.s.web.DefaultRedirectStrategy - Redirecting to http://localhost:8080/api/login
2025-10-07 22:14:12 [http-nio-8080-exec-6] DEBUG o.s.security.web.FilterChainProxy - Securing GET /login
2025-10-07 22:14:21 [http-nio-8080-exec-7] DEBUG o.s.security.web.FilterChainProxy - Securing POST /login
2025-10-07 22:14:21 [http-nio-8080-exec-7] DEBUG o.s.s.a.d.DaoAuthenticationProvider - Failed to find user 'admin@cambio.com'
2025-10-07 22:14:21 [http-nio-8080-exec-7] DEBUG o.s.s.web.DefaultRedirectStrategy - Redirecting to /api/login?error
2025-10-07 22:14:21 [http-nio-8080-exec-8] DEBUG o.s.security.web.FilterChainProxy - Securing GET /login?error
2025-10-07 22:17:53 [http-nio-8080-exec-10] DEBUG o.s.security.web.FilterChainProxy - Securing GET /login
2025-10-07 22:18:36 [http-nio-8080-exec-1] DEBUG o.s.security.web.FilterChainProxy - Securing GET /register/
2025-10-07 22:18:36 [http-nio-8080-exec-1] DEBUG o.s.s.w.a.AnonymousAuthenticationFilter - Set SecurityContextHolder to anonymous SecurityContext
2025-10-07 22:18:36 [http-nio-8080-exec-1] DEBUG o.s.s.w.s.HttpSessionRequestCache - Saved request http://localhost:8080/api/register/?continue to session
2025-10-07 22:18:36 [http-nio-8080-exec-1] DEBUG o.s.s.w.a.DelegatingAuthenticationEntryPoint - Trying to match using And [Not [RequestHeaderRequestMatcher [expectedHeaderName=X-Requested-With, expectedHeaderValue=XMLHttpRequest]], MediaTypeRequestMatcher [contentNegotiationStrategy=org.springframework.web.accept.ContentNegotiationManager@47ffa248, matchingMediaTypes=[application/xhtml+xml, image/*, text/html, text/plain], useEquals=false, ignoredMediaTypes=[*/*]]]
2025-10-07 22:18:36 [http-nio-8080-exec-1] DEBUG o.s.s.w.a.DelegatingAuthenticationEntryPoint - Match found! Executing org.springframework.security.web.authentication.LoginUrlAuthenticationEntryPoint@69ed96e1
2025-10-07 22:18:36 [http-nio-8080-exec-1] DEBUG o.s.s.web.DefaultRedirectStrategy - Redirecting to http://localhost:8080/api/login
2025-10-07 22:18:36 [http-nio-8080-exec-2] DEBUG o.s.security.web.FilterChainProxy - Securing GET /login
2025-10-07 22:20:32 [http-nio-8080-exec-5] DEBUG o.s.security.web.FilterChainProxy - Securing GET /swagger-ui.html
2025-10-07 22:20:32 [http-nio-8080-exec-5] DEBUG o.s.s.w.a.AnonymousAuthenticationFilter - Set SecurityContextHolder to anonymous SecurityContext
2025-10-07 22:20:32 [http-nio-8080-exec-5] DEBUG o.s.s.w.s.HttpSessionRequestCache - Saved request http://localhost:8080/api/swagger-ui.html?continue to session
2025-10-07 22:20:32 [http-nio-8080-exec-5] DEBUG o.s.s.w.a.DelegatingAuthenticationEntryPoint - Trying to match using And [Not [RequestHeaderRequestMatcher [expectedHeaderName=X-Requested-With, expectedHeaderValue=XMLHttpRequest]], MediaTypeRequestMatcher [contentNegotiationStrategy=org.springframework.web.accept.ContentNegotiationManager@47ffa248, matchingMediaTypes=[application/xhtml+xml, image/*, text/html, text/plain], useEquals=false, ignoredMediaTypes=[*/*]]]
2025-10-07 22:20:32 [http-nio-8080-exec-5] DEBUG o.s.s.w.a.DelegatingAuthenticationEntryPoint - Match found! Executing org.springframework.security.web.authentication.LoginUrlAuthenticationEntryPoint@69ed96e1
2025-10-07 22:20:32 [http-nio-8080-exec-5] DEBUG o.s.s.web.DefaultRedirectStrategy - Redirecting to http://localhost:8080/api/login
2025-10-07 22:20:32 [http-nio-8080-exec-6] DEBUG o.s.security.web.FilterChainProxy - Securing GET /login
2025-10-07 22:21:06 [http-nio-8080-exec-7] DEBUG o.s.security.web.FilterChainProxy - Securing GET /swagger-ui.html
2025-10-07 22:21:06 [http-nio-8080-exec-7] DEBUG o.s.s.w.a.AnonymousAuthenticationFilter - Set SecurityContextHolder to anonymous SecurityContext
2025-10-07 22:21:06 [http-nio-8080-exec-7] DEBUG o.s.s.w.s.HttpSessionRequestCache - Saved request http://localhost:8080/api/swagger-ui.html?continue to session
2025-10-07 22:21:06 [http-nio-8080-exec-7] DEBUG o.s.s.w.a.DelegatingAuthenticationEntryPoint - Trying to match using And [Not [RequestHeaderRequestMatcher [expectedHeaderName=X-Requested-With, expectedHeaderValue=XMLHttpRequest]], MediaTypeRequestMatcher [contentNegotiationStrategy=org.springframework.web.accept.ContentNegotiationManager@47ffa248, matchingMediaTypes=[application/xhtml+xml, image/*, text/html, text/plain], useEquals=false, ignoredMediaTypes=[*/*]]]
2025-10-07 22:21:06 [http-nio-8080-exec-7] DEBUG o.s.s.w.a.DelegatingAuthenticationEntryPoint - Match found! Executing org.springframework.security.web.authentication.LoginUrlAuthenticationEntryPoint@69ed96e1
2025-10-07 22:21:06 [http-nio-8080-exec-7] DEBUG o.s.s.web.DefaultRedirectStrategy - Redirecting to http://localhost:8080/api/login
2025-10-07 22:21:06 [http-nio-8080-exec-8] DEBUG o.s.security.web.FilterChainProxy - Securing GET /login
2025-10-07 22:21:16 [SpringApplicationShutdownHook] INFO  o.s.o.j.LocalContainerEntityManagerFactoryBean - Closing JPA EntityManagerFactory for persistence unit 'default'
2025-10-07 22:21:16 [SpringApplicationShutdownHook] INFO  com.zaxxer.hikari.HikariDataSource - HikariPool-1 - Shutdown initiated...
2025-10-07 22:21:16 [SpringApplicationShutdownHook] INFO  com.zaxxer.hikari.HikariDataSource - HikariPool-1 - Shutdown completed.
2025-10-07 22:21:49 [main] INFO  b.p.A.ArCarteiraDigitalApplication - Starting ArCarteiraDigitalApplication using Java 17.0.14 with PID 18649 (/home/afonso/Documentos/Backend/ARCarteiraDigital/target/classes started by afonso in /home/afonso/Documentos/Backend)
2025-10-07 22:21:49 [main] DEBUG b.p.A.ArCarteiraDigitalApplication - Running with Spring Boot v3.2.0, Spring v6.1.1
2025-10-07 22:21:49 [main] INFO  b.p.A.ArCarteiraDigitalApplication - No active profile set, falling back to 1 default profile: "default"
2025-10-07 22:21:49 [main] INFO  o.s.d.r.c.RepositoryConfigurationDelegate - Bootstrapping Spring Data JPA repositories in DEFAULT mode.
2025-10-07 22:21:49 [main] INFO  o.s.d.r.c.RepositoryConfigurationDelegate - Finished Spring Data repository scanning in 11 ms. Found 0 JPA repository interfaces.
2025-10-07 22:21:50 [main] INFO  o.s.b.w.e.tomcat.TomcatWebServer - Tomcat initialized with port 8080 (http)
2025-10-07 22:21:50 [main] INFO  o.a.catalina.core.StandardService - Starting service [Tomcat]
2025-10-07 22:21:50 [main] INFO  o.a.catalina.core.StandardEngine - Starting Servlet engine: [Apache Tomcat/10.1.16]
2025-10-07 22:21:50 [main] INFO  o.a.c.c.C.[.[localhost].[/api] - Initializing Spring embedded WebApplicationContext
2025-10-07 22:21:50 [main] INFO  o.s.b.w.s.c.ServletWebServerApplicationContext - Root WebApplicationContext: initialization completed in 1297 ms
2025-10-07 22:21:50 [main] INFO  o.h.jpa.internal.util.LogHelper - HHH000204: Processing PersistenceUnitInfo [name: default]
2025-10-07 22:21:50 [main] INFO  org.hibernate.Version - HHH000412: Hibernate ORM core version 6.3.1.Final
2025-10-07 22:21:50 [main] INFO  o.h.c.i.RegionFactoryInitiator - HHH000026: Second-level cache disabled
2025-10-07 22:21:50 [main] INFO  o.s.o.j.p.SpringPersistenceUnitInfo - No LoadTimeWeaver setup: ignoring JPA class transformer
2025-10-07 22:21:50 [main] INFO  com.zaxxer.hikari.HikariDataSource - HikariPool-1 - Starting...
2025-10-07 22:21:51 [main] INFO  com.zaxxer.hikari.pool.HikariPool - HikariPool-1 - Added connection com.mysql.cj.jdbc.ConnectionImpl@70485aa
2025-10-07 22:21:51 [main] INFO  com.zaxxer.hikari.HikariDataSource - HikariPool-1 - Start completed.
2025-10-07 22:21:51 [main] WARN  org.hibernate.orm.deprecation - HHH90000025: MySQLDialect does not need to be specified explicitly using 'hibernate.dialect' (remove the property setting and it will be selected by default)
2025-10-07 22:21:51 [main] INFO  o.h.e.t.j.p.i.JtaPlatformInitiator - HHH000489: No JTA platform available (set 'hibernate.transaction.jta.platform' to enable JTA platform integration)
2025-10-07 22:21:51 [main] INFO  o.s.o.j.LocalContainerEntityManagerFactoryBean - Initialized JPA EntityManagerFactory for persistence unit 'default'
2025-10-07 22:21:51 [main] DEBUG o.s.w.s.m.m.a.RequestMappingHandlerMapping - 6 mappings in 'requestMappingHandlerMapping'
2025-10-07 22:21:51 [main] DEBUG o.s.w.s.h.SimpleUrlHandlerMapping - Patterns [/webjars/**, /**, /swagger-ui*/*swagger-initializer.js, /swagger-ui*/**] in 'resourceHandlerMapping'
2025-10-07 22:21:51 [main] DEBUG o.s.w.s.m.m.a.RequestMappingHandlerAdapter - ControllerAdvice beans: 0 @ModelAttribute, 0 @InitBinder, 1 RequestBodyAdvice, 1 ResponseBodyAdvice
2025-10-07 22:21:51 [main] DEBUG o.s.w.s.m.m.a.ExceptionHandlerExceptionResolver - ControllerAdvice beans: 1 @ExceptionHandler, 1 ResponseBodyAdvice
2025-10-07 22:21:52 [main] WARN  o.s.b.a.s.s.UserDetailsServiceAutoConfiguration - 

Using generated security password: 1b09801e-3dc2-4397-817c-172e9b886441

This generated password is for development use only. Your security configuration must be updated before running your application in production.

2025-10-07 22:21:52 [main] INFO  o.s.s.web.DefaultSecurityFilterChain - Will secure any request with [org.springframework.security.web.session.DisableEncodeUrlFilter@c49e434, org.springframework.security.web.context.request.async.WebAsyncManagerIntegrationFilter@32b1e906, org.springframework.security.web.context.SecurityContextHolderFilter@5a69b3cf, org.springframework.security.web.header.HeaderWriterFilter@52f118aa, org.springframework.web.filter.CorsFilter@33e6bd36, org.springframework.security.web.csrf.CsrfFilter@f310675, org.springframework.security.web.authentication.logout.LogoutFilter@64829470, org.springframework.security.web.authentication.UsernamePasswordAuthenticationFilter@29d33f1, org.springframework.security.web.authentication.ui.DefaultLoginPageGeneratingFilter@8dedec8, org.springframework.security.web.authentication.ui.DefaultLogoutPageGeneratingFilter@6e1d9b32, org.springframework.security.web.authentication.www.BasicAuthenticationFilter@1055d261, org.springframework.security.web.savedrequest.RequestCacheAwareFilter@59e4a044, org.springframework.security.web.servletapi.SecurityContextHolderAwareRequestFilter@4be3de36, org.springframework.security.web.authentication.AnonymousAuthenticationFilter@2db6ba81, org.springframework.security.web.access.ExceptionTranslationFilter@5e0bba2f, org.springframework.security.web.access.intercept.AuthorizationFilter@198c0f1c]
2025-10-07 22:21:52 [main] INFO  o.s.b.w.e.tomcat.TomcatWebServer - Tomcat started on port 8080 (http) with context path '/api'
2025-10-07 22:21:52 [main] INFO  b.p.A.ArCarteiraDigitalApplication - Started ArCarteiraDigitalApplication in 3.613 seconds (process running for 4.678)
2025-10-07 22:22:01 [http-nio-8080-exec-1] INFO  o.a.c.c.C.[.[localhost].[/api] - Initializing Spring DispatcherServlet 'dispatcherServlet'
2025-10-07 22:22:01 [http-nio-8080-exec-1] INFO  o.s.web.servlet.DispatcherServlet - Initializing Servlet 'dispatcherServlet'
2025-10-07 22:22:01 [http-nio-8080-exec-1] DEBUG o.s.web.servlet.DispatcherServlet - Detected StandardServletMultipartResolver
2025-10-07 22:22:01 [http-nio-8080-exec-1] DEBUG o.s.web.servlet.DispatcherServlet - Detected AcceptHeaderLocaleResolver
2025-10-07 22:22:01 [http-nio-8080-exec-1] DEBUG o.s.web.servlet.DispatcherServlet - Detected FixedThemeResolver
2025-10-07 22:22:01 [http-nio-8080-exec-1] DEBUG o.s.web.servlet.DispatcherServlet - Detected org.springframework.web.servlet.view.DefaultRequestToViewNameTranslator@7bde704a
2025-10-07 22:22:01 [http-nio-8080-exec-1] DEBUG o.s.web.servlet.DispatcherServlet - Detected org.springframework.web.servlet.support.SessionFlashMapManager@591a4d25
2025-10-07 22:22:01 [http-nio-8080-exec-1] DEBUG o.s.web.servlet.DispatcherServlet - enableLoggingRequestDetails='false': request parameters and headers will be masked to prevent unsafe logging of potentially sensitive data
2025-10-07 22:22:01 [http-nio-8080-exec-1] INFO  o.s.web.servlet.DispatcherServlet - Completed initialization in 2 ms
2025-10-07 22:22:01 [http-nio-8080-exec-1] DEBUG o.s.security.web.FilterChainProxy - Securing GET /login
2025-10-07 22:22:01 [http-nio-8080-exec-1] WARN  o.s.w.s.h.HandlerMappingIntrospector - Cache miss for REQUEST dispatch to '/api/login' (previous null). Performing CorsConfiguration lookup. This is logged once only at WARN level, and every time at TRACE.
2025-10-07 22:22:05 [http-nio-8080-exec-2] DEBUG o.s.security.web.FilterChainProxy - Securing GET /
2025-10-07 22:22:05 [http-nio-8080-exec-2] DEBUG o.s.s.w.a.AnonymousAuthenticationFilter - Set SecurityContextHolder to anonymous SecurityContext
2025-10-07 22:22:05 [http-nio-8080-exec-2] DEBUG o.s.s.w.s.HttpSessionRequestCache - Saved request http://localhost:8080/api/?continue to session
2025-10-07 22:22:05 [http-nio-8080-exec-2] DEBUG o.s.s.w.a.DelegatingAuthenticationEntryPoint - Trying to match using And [Not [RequestHeaderRequestMatcher [expectedHeaderName=X-Requested-With, expectedHeaderValue=XMLHttpRequest]], MediaTypeRequestMatcher [contentNegotiationStrategy=org.springframework.web.accept.ContentNegotiationManager@6b103db7, matchingMediaTypes=[application/xhtml+xml, image/*, text/html, text/plain], useEquals=false, ignoredMediaTypes=[*/*]]]
2025-10-07 22:22:05 [http-nio-8080-exec-2] DEBUG o.s.s.w.a.DelegatingAuthenticationEntryPoint - Match found! Executing org.springframework.security.web.authentication.LoginUrlAuthenticationEntryPoint@58e7f930
2025-10-07 22:22:05 [http-nio-8080-exec-2] DEBUG o.s.s.web.DefaultRedirectStrategy - Redirecting to http://localhost:8080/api/login
2025-10-07 22:22:05 [http-nio-8080-exec-3] DEBUG o.s.security.web.FilterChainProxy - Securing GET /login
2025-10-07 22:22:31 [SpringApplicationShutdownHook] INFO  o.s.o.j.LocalContainerEntityManagerFactoryBean - Closing JPA EntityManagerFactory for persistence unit 'default'
2025-10-07 22:22:31 [SpringApplicationShutdownHook] INFO  com.zaxxer.hikari.HikariDataSource - HikariPool-1 - Shutdown initiated...
2025-10-07 22:22:31 [SpringApplicationShutdownHook] INFO  com.zaxxer.hikari.HikariDataSource - HikariPool-1 - Shutdown completed.
2025-10-07 22:22:35 [main] INFO  b.p.A.ArCarteiraDigitalApplication - Starting ArCarteiraDigitalApplication using Java 17.0.14 with PID 18813 (/home/afonso/Documentos/Backend/ARCarteiraDigital/target/classes started by afonso in /home/afonso/Documentos/Backend)
2025-10-07 22:22:35 [main] DEBUG b.p.A.ArCarteiraDigitalApplication - Running with Spring Boot v3.2.0, Spring v6.1.1
2025-10-07 22:22:35 [main] INFO  b.p.A.ArCarteiraDigitalApplication - No active profile set, falling back to 1 default profile: "default"
2025-10-07 22:22:35 [main] INFO  o.s.d.r.c.RepositoryConfigurationDelegate - Bootstrapping Spring Data JPA repositories in DEFAULT mode.
2025-10-07 22:22:35 [main] INFO  o.s.d.r.c.RepositoryConfigurationDelegate - Finished Spring Data repository scanning in 11 ms. Found 0 JPA repository interfaces.
2025-10-07 22:22:36 [main] INFO  o.s.b.w.e.tomcat.TomcatWebServer - Tomcat initialized with port 8080 (http)
2025-10-07 22:22:36 [main] INFO  o.a.catalina.core.StandardService - Starting service [Tomcat]
2025-10-07 22:22:36 [main] INFO  o.a.catalina.core.StandardEngine - Starting Servlet engine: [Apache Tomcat/10.1.16]
2025-10-07 22:22:36 [main] INFO  o.a.c.c.C.[.[localhost].[/api] - Initializing Spring embedded WebApplicationContext
2025-10-07 22:22:36 [main] INFO  o.s.b.w.s.c.ServletWebServerApplicationContext - Root WebApplicationContext: initialization completed in 1330 ms
2025-10-07 22:22:36 [main] INFO  o.h.jpa.internal.util.LogHelper - HHH000204: Processing PersistenceUnitInfo [name: default]
2025-10-07 22:22:36 [main] INFO  org.hibernate.Version - HHH000412: Hibernate ORM core version 6.3.1.Final
2025-10-07 22:22:36 [main] INFO  o.h.c.i.RegionFactoryInitiator - HHH000026: Second-level cache disabled
2025-10-07 22:22:36 [main] INFO  o.s.o.j.p.SpringPersistenceUnitInfo - No LoadTimeWeaver setup: ignoring JPA class transformer
2025-10-07 22:22:36 [main] INFO  com.zaxxer.hikari.HikariDataSource - HikariPool-1 - Starting...
2025-10-07 22:22:37 [main] INFO  com.zaxxer.hikari.pool.HikariPool - HikariPool-1 - Added connection com.mysql.cj.jdbc.ConnectionImpl@6c830ebd
2025-10-07 22:22:37 [main] INFO  com.zaxxer.hikari.HikariDataSource - HikariPool-1 - Start completed.
2025-10-07 22:22:37 [main] WARN  org.hibernate.orm.deprecation - HHH90000025: MySQLDialect does not need to be specified explicitly using 'hibernate.dialect' (remove the property setting and it will be selected by default)
2025-10-07 22:22:37 [main] INFO  o.h.e.t.j.p.i.JtaPlatformInitiator - HHH000489: No JTA platform available (set 'hibernate.transaction.jta.platform' to enable JTA platform integration)
2025-10-07 22:22:37 [main] INFO  o.s.o.j.LocalContainerEntityManagerFactoryBean - Initialized JPA EntityManagerFactory for persistence unit 'default'
2025-10-07 22:22:37 [main] DEBUG o.s.w.s.m.m.a.RequestMappingHandlerMapping - 6 mappings in 'requestMappingHandlerMapping'
2025-10-07 22:22:37 [main] DEBUG o.s.w.s.h.SimpleUrlHandlerMapping - Patterns [/webjars/**, /**, /swagger-ui*/*swagger-initializer.js, /swagger-ui*/**] in 'resourceHandlerMapping'
2025-10-07 22:22:37 [main] DEBUG o.s.w.s.m.m.a.RequestMappingHandlerAdapter - ControllerAdvice beans: 0 @ModelAttribute, 0 @InitBinder, 1 RequestBodyAdvice, 1 ResponseBodyAdvice
2025-10-07 22:22:37 [main] DEBUG o.s.w.s.m.m.a.ExceptionHandlerExceptionResolver - ControllerAdvice beans: 1 @ExceptionHandler, 1 ResponseBodyAdvice
2025-10-07 22:22:38 [main] WARN  o.s.b.a.s.s.UserDetailsServiceAutoConfiguration - 

Using generated security password: 6ede5d02-4859-4824-9bc3-a9bae47b00b0

This generated password is for development use only. Your security configuration must be updated before running your application in production.

2025-10-07 22:22:38 [main] INFO  o.s.s.web.DefaultSecurityFilterChain - Will secure any request with [org.springframework.security.web.session.DisableEncodeUrlFilter@24a7725d, org.springframework.security.web.context.request.async.WebAsyncManagerIntegrationFilter@4fcedf83, org.springframework.security.web.context.SecurityContextHolderFilter@15a2fddd, org.springframework.security.web.header.HeaderWriterFilter@6ed7c178, org.springframework.web.filter.CorsFilter@16c9f7f0, org.springframework.security.web.csrf.CsrfFilter@64e3bc2, org.springframework.security.web.authentication.logout.LogoutFilter@72c1bf75, org.springframework.security.web.authentication.UsernamePasswordAuthenticationFilter@51aaa9d4, org.springframework.security.web.authentication.ui.DefaultLoginPageGeneratingFilter@31cd0efa, org.springframework.security.web.authentication.ui.DefaultLogoutPageGeneratingFilter@187df588, org.springframework.security.web.authentication.www.BasicAuthenticationFilter@29d33f1, org.springframework.security.web.savedrequest.RequestCacheAwareFilter@18c0f025, org.springframework.security.web.servletapi.SecurityContextHolderAwareRequestFilter@684f7f1c, org.springframework.security.web.authentication.AnonymousAuthenticationFilter@7d75940, org.springframework.security.web.access.ExceptionTranslationFilter@6885f3f7, org.springframework.security.web.access.intercept.AuthorizationFilter@3095d06b]
2025-10-07 22:22:38 [main] INFO  o.s.b.w.e.tomcat.TomcatWebServer - Tomcat started on port 8080 (http) with context path '/api'
2025-10-07 22:22:38 [main] INFO  b.p.A.ArCarteiraDigitalApplication - Started ArCarteiraDigitalApplication in 3.815 seconds (process running for 4.835)
2025-10-07 22:22:45 [http-nio-8080-exec-1] INFO  o.a.c.c.C.[.[localhost].[/api] - Initializing Spring DispatcherServlet 'dispatcherServlet'
2025-10-07 22:22:45 [http-nio-8080-exec-1] INFO  o.s.web.servlet.DispatcherServlet - Initializing Servlet 'dispatcherServlet'
2025-10-07 22:22:45 [http-nio-8080-exec-1] DEBUG o.s.web.servlet.DispatcherServlet - Detected StandardServletMultipartResolver
2025-10-07 22:22:45 [http-nio-8080-exec-1] DEBUG o.s.web.servlet.DispatcherServlet - Detected AcceptHeaderLocaleResolver
2025-10-07 22:22:45 [http-nio-8080-exec-1] DEBUG o.s.web.servlet.DispatcherServlet - Detected FixedThemeResolver
2025-10-07 22:22:45 [http-nio-8080-exec-1] DEBUG o.s.web.servlet.DispatcherServlet - Detected org.springframework.web.servlet.view.DefaultRequestToViewNameTranslator@36ab69d9
2025-10-07 22:22:45 [http-nio-8080-exec-1] DEBUG o.s.web.servlet.DispatcherServlet - Detected org.springframework.web.servlet.support.SessionFlashMapManager@4d0b276e
2025-10-07 22:22:45 [http-nio-8080-exec-1] DEBUG o.s.web.servlet.DispatcherServlet - enableLoggingRequestDetails='false': request parameters and headers will be masked to prevent unsafe logging of potentially sensitive data
2025-10-07 22:22:45 [http-nio-8080-exec-1] INFO  o.s.web.servlet.DispatcherServlet - Completed initialization in 2 ms
2025-10-07 22:22:45 [http-nio-8080-exec-1] DEBUG o.s.security.web.FilterChainProxy - Securing GET /swagger-ui.html
2025-10-07 22:22:45 [http-nio-8080-exec-1] WARN  o.s.w.s.h.HandlerMappingIntrospector - Cache miss for REQUEST dispatch to '/api/swagger-ui.html' (previous null). Performing CorsConfiguration lookup. This is logged once only at WARN level, and every time at TRACE.
2025-10-07 22:22:45 [http-nio-8080-exec-1] DEBUG o.s.s.w.a.AnonymousAuthenticationFilter - Set SecurityContextHolder to anonymous SecurityContext
2025-10-07 22:22:45 [http-nio-8080-exec-1] DEBUG o.s.s.w.s.HttpSessionRequestCache - Saved request http://localhost:8080/api/swagger-ui.html?continue to session
2025-10-07 22:22:45 [http-nio-8080-exec-1] DEBUG o.s.s.w.a.DelegatingAuthenticationEntryPoint - Trying to match using And [Not [RequestHeaderRequestMatcher [expectedHeaderName=X-Requested-With, expectedHeaderValue=XMLHttpRequest]], MediaTypeRequestMatcher [contentNegotiationStrategy=org.springframework.web.accept.ContentNegotiationManager@e645600, matchingMediaTypes=[application/xhtml+xml, image/*, text/html, text/plain], useEquals=false, ignoredMediaTypes=[*/*]]]
2025-10-07 22:22:45 [http-nio-8080-exec-1] DEBUG o.s.s.w.a.DelegatingAuthenticationEntryPoint - Match found! Executing org.springframework.security.web.authentication.LoginUrlAuthenticationEntryPoint@67d8613
2025-10-07 22:22:45 [http-nio-8080-exec-1] DEBUG o.s.s.web.DefaultRedirectStrategy - Redirecting to http://localhost:8080/api/login
2025-10-07 22:22:45 [http-nio-8080-exec-2] DEBUG o.s.security.web.FilterChainProxy - Securing GET /login
2025-10-07 22:23:28 [http-nio-8080-exec-3] DEBUG o.s.security.web.FilterChainProxy - Securing POST /login
2025-10-07 22:23:28 [http-nio-8080-exec-3] DEBUG o.s.s.a.d.DaoAuthenticationProvider - Failed to find user 'admin'
2025-10-07 22:23:28 [http-nio-8080-exec-3] DEBUG o.s.s.web.DefaultRedirectStrategy - Redirecting to /api/login?error
2025-10-07 22:23:28 [http-nio-8080-exec-4] DEBUG o.s.security.web.FilterChainProxy - Securing GET /login?error
2025-10-07 22:23:41 [SpringApplicationShutdownHook] INFO  o.s.o.j.LocalContainerEntityManagerFactoryBean - Closing JPA EntityManagerFactory for persistence unit 'default'
2025-10-07 22:23:41 [SpringApplicationShutdownHook] INFO  com.zaxxer.hikari.HikariDataSource - HikariPool-1 - Shutdown initiated...
2025-10-07 22:23:41 [SpringApplicationShutdownHook] INFO  com.zaxxer.hikari.HikariDataSource - HikariPool-1 - Shutdown completed.
2025-10-07 22:24:17 [main] INFO  b.p.A.ArCarteiraDigitalApplication - Starting ArCarteiraDigitalApplication using Java 17.0.14 with PID 19003 (/home/afonso/Documentos/Backend/ARCarteiraDigital/target/classes started by afonso in /home/afonso/Documentos/Backend)
2025-10-07 22:24:17 [main] DEBUG b.p.A.ArCarteiraDigitalApplication - Running with Spring Boot v3.2.0, Spring v6.1.1
2025-10-07 22:24:17 [main] INFO  b.p.A.ArCarteiraDigitalApplication - No active profile set, falling back to 1 default profile: "default"
2025-10-07 22:24:18 [main] INFO  o.s.d.r.c.RepositoryConfigurationDelegate - Bootstrapping Spring Data JPA repositories in DEFAULT mode.
2025-10-07 22:24:18 [main] INFO  o.s.d.r.c.RepositoryConfigurationDelegate - Finished Spring Data repository scanning in 11 ms. Found 0 JPA repository interfaces.
2025-10-07 22:24:19 [main] INFO  o.s.b.w.e.tomcat.TomcatWebServer - Tomcat initialized with port 8080 (http)
2025-10-07 22:24:19 [main] INFO  o.a.catalina.core.StandardService - Starting service [Tomcat]
2025-10-07 22:24:19 [main] INFO  o.a.catalina.core.StandardEngine - Starting Servlet engine: [Apache Tomcat/10.1.16]
2025-10-07 22:24:19 [main] INFO  o.a.c.c.C.[.[localhost].[/api] - Initializing Spring embedded WebApplicationContext
2025-10-07 22:24:19 [main] INFO  o.s.b.w.s.c.ServletWebServerApplicationContext - Root WebApplicationContext: initialization completed in 1253 ms
2025-10-07 22:24:19 [main] INFO  o.h.jpa.internal.util.LogHelper - HHH000204: Processing PersistenceUnitInfo [name: default]
2025-10-07 22:24:19 [main] INFO  org.hibernate.Version - HHH000412: Hibernate ORM core version 6.3.1.Final
2025-10-07 22:24:19 [main] INFO  o.h.c.i.RegionFactoryInitiator - HHH000026: Second-level cache disabled
2025-10-07 22:24:19 [main] INFO  o.s.o.j.p.SpringPersistenceUnitInfo - No LoadTimeWeaver setup: ignoring JPA class transformer
2025-10-07 22:24:19 [main] INFO  com.zaxxer.hikari.HikariDataSource - HikariPool-1 - Starting...
2025-10-07 22:24:19 [main] INFO  com.zaxxer.hikari.pool.HikariPool - HikariPool-1 - Added connection com.mysql.cj.jdbc.ConnectionImpl@a0d875d
2025-10-07 22:24:19 [main] INFO  com.zaxxer.hikari.HikariDataSource - HikariPool-1 - Start completed.
2025-10-07 22:24:19 [main] WARN  org.hibernate.orm.deprecation - HHH90000025: MySQLDialect does not need to be specified explicitly using 'hibernate.dialect' (remove the property setting and it will be selected by default)
2025-10-07 22:24:20 [main] INFO  o.h.e.t.j.p.i.JtaPlatformInitiator - HHH000489: No JTA platform available (set 'hibernate.transaction.jta.platform' to enable JTA platform integration)
2025-10-07 22:24:20 [main] INFO  o.s.o.j.LocalContainerEntityManagerFactoryBean - Initialized JPA EntityManagerFactory for persistence unit 'default'
2025-10-07 22:24:20 [main] DEBUG o.s.w.s.m.m.a.RequestMappingHandlerMapping - 6 mappings in 'requestMappingHandlerMapping'
2025-10-07 22:24:20 [main] DEBUG o.s.w.s.h.SimpleUrlHandlerMapping - Patterns [/webjars/**, /**, /swagger-ui*/*swagger-initializer.js, /swagger-ui*/**] in 'resourceHandlerMapping'
2025-10-07 22:24:20 [main] DEBUG o.s.w.s.m.m.a.RequestMappingHandlerAdapter - ControllerAdvice beans: 0 @ModelAttribute, 0 @InitBinder, 1 RequestBodyAdvice, 1 ResponseBodyAdvice
2025-10-07 22:24:20 [main] DEBUG o.s.w.s.m.m.a.ExceptionHandlerExceptionResolver - ControllerAdvice beans: 1 @ExceptionHandler, 1 ResponseBodyAdvice
2025-10-07 22:24:20 [main] WARN  o.s.b.a.s.s.UserDetailsServiceAutoConfiguration - 

Using generated security password: 684d1e57-8fbc-44be-bd36-ccc65d4afffc

This generated password is for development use only. Your security configuration must be updated before running your application in production.

2025-10-07 22:24:20 [main] INFO  o.s.s.web.DefaultSecurityFilterChain - Will secure any request with [org.springframework.security.web.session.DisableEncodeUrlFilter@ca0a21f, org.springframework.security.web.context.request.async.WebAsyncManagerIntegrationFilter@768d27e8, org.springframework.security.web.context.SecurityContextHolderFilter@326dbe25, org.springframework.security.web.header.HeaderWriterFilter@226e95e9, org.springframework.web.filter.CorsFilter@3dc39412, org.springframework.security.web.csrf.CsrfFilter@15a2fddd, org.springframework.security.web.authentication.logout.LogoutFilter@e88e14, org.springframework.security.web.authentication.UsernamePasswordAuthenticationFilter@7615666e, org.springframework.security.web.authentication.ui.DefaultLoginPageGeneratingFilter@28ceb25e, org.springframework.security.web.authentication.ui.DefaultLogoutPageGeneratingFilter@1d432d56, org.springframework.security.web.authentication.www.BasicAuthenticationFilter@8ce4320, org.springframework.security.web.savedrequest.RequestCacheAwareFilter@3922b297, org.springframework.security.web.servletapi.SecurityContextHolderAwareRequestFilter@2d02a066, org.springframework.security.web.authentication.AnonymousAuthenticationFilter@147ad4bb, org.springframework.security.web.access.ExceptionTranslationFilter@4bc41565, org.springframework.security.web.access.intercept.AuthorizationFilter@2d758472]
2025-10-07 22:24:20 [main] INFO  o.s.b.w.e.tomcat.TomcatWebServer - Tomcat started on port 8080 (http) with context path '/api'
2025-10-07 22:24:20 [main] INFO  b.p.A.ArCarteiraDigitalApplication - Started ArCarteiraDigitalApplication in 3.594 seconds (process running for 4.644)
2025-10-07 22:24:28 [SpringApplicationShutdownHook] INFO  o.s.o.j.LocalContainerEntityManagerFactoryBean - Closing JPA EntityManagerFactory for persistence unit 'default'
2025-10-07 22:24:28 [SpringApplicationShutdownHook] INFO  com.zaxxer.hikari.HikariDataSource - HikariPool-1 - Shutdown initiated...
2025-10-07 22:24:28 [SpringApplicationShutdownHook] INFO  com.zaxxer.hikari.HikariDataSource - HikariPool-1 - Shutdown completed.
2025-10-07 22:24:45 [main] INFO  b.p.A.ArCarteiraDigitalApplication - Starting ArCarteiraDigitalApplication using Java 17.0.14 with PID 19221 (/home/afonso/Documentos/Backend/ARCarteiraDigital/target/classes started by afonso in /home/afonso/Documentos/Backend)
2025-10-07 22:24:45 [main] DEBUG b.p.A.ArCarteiraDigitalApplication - Running with Spring Boot v3.2.0, Spring v6.1.1
2025-10-07 22:24:45 [main] INFO  b.p.A.ArCarteiraDigitalApplication - No active profile set, falling back to 1 default profile: "default"
2025-10-07 22:24:46 [main] INFO  o.s.d.r.c.RepositoryConfigurationDelegate - Bootstrapping Spring Data JPA repositories in DEFAULT mode.
2025-10-07 22:24:46 [main] INFO  o.s.d.r.c.RepositoryConfigurationDelegate - Finished Spring Data repository scanning in 11 ms. Found 0 JPA repository interfaces.
2025-10-07 22:24:47 [main] INFO  o.s.b.w.e.tomcat.TomcatWebServer - Tomcat initialized with port 8080 (http)
2025-10-07 22:24:47 [main] INFO  o.a.catalina.core.StandardService - Starting service [Tomcat]
2025-10-07 22:24:47 [main] INFO  o.a.catalina.core.StandardEngine - Starting Servlet engine: [Apache Tomcat/10.1.16]
2025-10-07 22:24:47 [main] INFO  o.a.c.c.C.[.[localhost].[/api] - Initializing Spring embedded WebApplicationContext
2025-10-07 22:24:47 [main] INFO  o.s.b.w.s.c.ServletWebServerApplicationContext - Root WebApplicationContext: initialization completed in 1356 ms
2025-10-07 22:24:47 [main] INFO  o.h.jpa.internal.util.LogHelper - HHH000204: Processing PersistenceUnitInfo [name: default]
2025-10-07 22:24:47 [main] INFO  org.hibernate.Version - HHH000412: Hibernate ORM core version 6.3.1.Final
2025-10-07 22:24:47 [main] INFO  o.h.c.i.RegionFactoryInitiator - HHH000026: Second-level cache disabled
2025-10-07 22:24:47 [main] INFO  o.s.o.j.p.SpringPersistenceUnitInfo - No LoadTimeWeaver setup: ignoring JPA class transformer
2025-10-07 22:24:47 [main] INFO  com.zaxxer.hikari.HikariDataSource - HikariPool-1 - Starting...
2025-10-07 22:24:47 [main] INFO  com.zaxxer.hikari.pool.HikariPool - HikariPool-1 - Added connection com.mysql.cj.jdbc.ConnectionImpl@2c2a903f
2025-10-07 22:24:47 [main] INFO  com.zaxxer.hikari.HikariDataSource - HikariPool-1 - Start completed.
2025-10-07 22:24:47 [main] WARN  org.hibernate.orm.deprecation - HHH90000025: MySQLDialect does not need to be specified explicitly using 'hibernate.dialect' (remove the property setting and it will be selected by default)
2025-10-07 22:24:48 [main] INFO  o.h.e.t.j.p.i.JtaPlatformInitiator - HHH000489: No JTA platform available (set 'hibernate.transaction.jta.platform' to enable JTA platform integration)
2025-10-07 22:24:48 [main] INFO  o.s.o.j.LocalContainerEntityManagerFactoryBean - Initialized JPA EntityManagerFactory for persistence unit 'default'
2025-10-07 22:24:48 [main] DEBUG o.s.w.s.m.m.a.RequestMappingHandlerMapping - 6 mappings in 'requestMappingHandlerMapping'
2025-10-07 22:24:48 [main] DEBUG o.s.w.s.h.SimpleUrlHandlerMapping - Patterns [/webjars/**, /**, /swagger-ui*/*swagger-initializer.js, /swagger-ui*/**] in 'resourceHandlerMapping'
2025-10-07 22:24:48 [main] DEBUG o.s.w.s.m.m.a.RequestMappingHandlerAdapter - ControllerAdvice beans: 0 @ModelAttribute, 0 @InitBinder, 1 RequestBodyAdvice, 1 ResponseBodyAdvice
2025-10-07 22:24:48 [main] DEBUG o.s.w.s.m.m.a.ExceptionHandlerExceptionResolver - ControllerAdvice beans: 1 @ExceptionHandler, 1 ResponseBodyAdvice
2025-10-07 22:24:48 [main] WARN  o.s.b.a.s.s.UserDetailsServiceAutoConfiguration - 

Using generated security password: b76c1b36-63af-4f06-bdc9-19b1a7c7be6e

This generated password is for development use only. Your security configuration must be updated before running your application in production.

2025-10-07 22:24:49 [main] INFO  o.s.s.web.DefaultSecurityFilterChain - Will secure any request with [org.springframework.security.web.session.DisableEncodeUrlFilter@3e5cbcfe, org.springframework.security.web.context.request.async.WebAsyncManagerIntegrationFilter@6773bab2, org.springframework.security.web.context.SecurityContextHolderFilter@5e0bba2f, org.springframework.security.web.header.HeaderWriterFilter@18c0f025, org.springframework.web.filter.CorsFilter@1055d261, org.springframework.security.web.csrf.CsrfFilter@768e40af, org.springframework.security.web.authentication.logout.LogoutFilter@2e09e367, org.springframework.security.web.authentication.UsernamePasswordAuthenticationFilter@b04a6a4, org.springframework.security.web.authentication.ui.DefaultLoginPageGeneratingFilter@4be3de36, org.springframework.security.web.authentication.ui.DefaultLogoutPageGeneratingFilter@2d758472, org.springframework.security.web.authentication.www.BasicAuthenticationFilter@16c9f7f0, org.springframework.security.web.savedrequest.RequestCacheAwareFilter@52f118aa, org.springframework.security.web.servletapi.SecurityContextHolderAwareRequestFilter@31cd0efa, org.springframework.security.web.authentication.AnonymousAuthenticationFilter@7615666e, org.springframework.security.web.access.ExceptionTranslationFilter@15a2fddd, org.springframework.security.web.access.intercept.AuthorizationFilter@7fd32c56]
2025-10-07 22:24:49 [main] INFO  o.s.b.w.e.tomcat.TomcatWebServer - Tomcat started on port 8080 (http) with context path '/api'
2025-10-07 22:24:49 [main] INFO  b.p.A.ArCarteiraDigitalApplication - Started ArCarteiraDigitalApplication in 3.805 seconds (process running for 4.872)
2025-10-07 22:24:55 [SpringApplicationShutdownHook] INFO  o.s.o.j.LocalContainerEntityManagerFactoryBean - Closing JPA EntityManagerFactory for persistence unit 'default'
2025-10-07 22:24:55 [SpringApplicationShutdownHook] INFO  com.zaxxer.hikari.HikariDataSource - HikariPool-1 - Shutdown initiated...
2025-10-07 22:24:55 [SpringApplicationShutdownHook] INFO  com.zaxxer.hikari.HikariDataSource - HikariPool-1 - Shutdown completed.
2025-10-07 22:26:55 [main] INFO  b.p.A.ArCarteiraDigitalApplication - Starting ArCarteiraDigitalApplication using Java 17.0.14 with PID 19435 (/home/afonso/Documentos/Backend/ARCarteiraDigital/target/classes started by afonso in /home/afonso/Documentos/Backend)
2025-10-07 22:26:55 [main] DEBUG b.p.A.ArCarteiraDigitalApplication - Running with Spring Boot v3.2.0, Spring v6.1.1
2025-10-07 22:26:55 [main] INFO  b.p.A.ArCarteiraDigitalApplication - No active profile set, falling back to 1 default profile: "default"
2025-10-07 22:26:56 [main] INFO  o.s.d.r.c.RepositoryConfigurationDelegate - Bootstrapping Spring Data JPA repositories in DEFAULT mode.
2025-10-07 22:26:56 [main] INFO  o.s.d.r.c.RepositoryConfigurationDelegate - Finished Spring Data repository scanning in 12 ms. Found 0 JPA repository interfaces.
2025-10-07 22:26:56 [main] INFO  o.s.b.w.e.tomcat.TomcatWebServer - Tomcat initialized with port 8080 (http)
2025-10-07 22:26:56 [main] INFO  o.a.catalina.core.StandardService - Starting service [Tomcat]
2025-10-07 22:26:56 [main] INFO  o.a.catalina.core.StandardEngine - Starting Servlet engine: [Apache Tomcat/10.1.16]
2025-10-07 22:26:56 [main] INFO  o.a.c.c.C.[.[localhost].[/api] - Initializing Spring embedded WebApplicationContext
2025-10-07 22:26:56 [main] INFO  o.s.b.w.s.c.ServletWebServerApplicationContext - Root WebApplicationContext: initialization completed in 1315 ms
2025-10-07 22:26:56 [main] INFO  o.h.jpa.internal.util.LogHelper - HHH000204: Processing PersistenceUnitInfo [name: default]
2025-10-07 22:26:56 [main] INFO  org.hibernate.Version - HHH000412: Hibernate ORM core version 6.3.1.Final
2025-10-07 22:26:56 [main] INFO  o.h.c.i.RegionFactoryInitiator - HHH000026: Second-level cache disabled
2025-10-07 22:26:57 [main] INFO  o.s.o.j.p.SpringPersistenceUnitInfo - No LoadTimeWeaver setup: ignoring JPA class transformer
2025-10-07 22:26:57 [main] INFO  com.zaxxer.hikari.HikariDataSource - HikariPool-1 - Starting...
2025-10-07 22:26:57 [main] INFO  com.zaxxer.hikari.pool.HikariPool - HikariPool-1 - Added connection com.mysql.cj.jdbc.ConnectionImpl@410382cb
2025-10-07 22:26:57 [main] INFO  com.zaxxer.hikari.HikariDataSource - HikariPool-1 - Start completed.
2025-10-07 22:26:57 [main] WARN  org.hibernate.orm.deprecation - HHH90000025: MySQLDialect does not need to be specified explicitly using 'hibernate.dialect' (remove the property setting and it will be selected by default)
2025-10-07 22:26:57 [main] INFO  o.h.e.t.j.p.i.JtaPlatformInitiator - HHH000489: No JTA platform available (set 'hibernate.transaction.jta.platform' to enable JTA platform integration)
2025-10-07 22:26:57 [main] INFO  o.s.o.j.LocalContainerEntityManagerFactoryBean - Initialized JPA EntityManagerFactory for persistence unit 'default'
2025-10-07 22:26:57 [main] DEBUG o.s.w.s.m.m.a.RequestMappingHandlerMapping - 6 mappings in 'requestMappingHandlerMapping'
2025-10-07 22:26:57 [main] DEBUG o.s.w.s.h.SimpleUrlHandlerMapping - Patterns [/webjars/**, /**, /swagger-ui*/*swagger-initializer.js, /swagger-ui*/**] in 'resourceHandlerMapping'
2025-10-07 22:26:58 [main] DEBUG o.s.w.s.m.m.a.RequestMappingHandlerAdapter - ControllerAdvice beans: 0 @ModelAttribute, 0 @InitBinder, 1 RequestBodyAdvice, 1 ResponseBodyAdvice
2025-10-07 22:26:58 [main] DEBUG o.s.w.s.m.m.a.ExceptionHandlerExceptionResolver - ControllerAdvice beans: 1 @ExceptionHandler, 1 ResponseBodyAdvice
2025-10-07 22:26:58 [main] WARN  o.s.b.a.s.s.UserDetailsServiceAutoConfiguration - 

Using generated security password: 9e83b41b-5993-4c7b-a41f-61ff7af31e27

This generated password is for development use only. Your security configuration must be updated before running your application in production.

2025-10-07 22:26:58 [main] INFO  o.s.s.web.DefaultSecurityFilterChain - Will secure any request with [org.springframework.security.web.session.DisableEncodeUrlFilter@2db6ba81, org.springframework.security.web.context.request.async.WebAsyncManagerIntegrationFilter@10728fe8, org.springframework.security.web.context.SecurityContextHolderFilter@5c03eb4e, org.springframework.security.web.header.HeaderWriterFilter@7c460, org.springframework.web.filter.CorsFilter@16fb9fdd, org.springframework.security.web.csrf.CsrfFilter@3c7db0e8, org.springframework.security.web.authentication.logout.LogoutFilter@10820978, org.springframework.security.web.authentication.UsernamePasswordAuthenticationFilter@4fcedf83, org.springframework.security.web.authentication.ui.DefaultLoginPageGeneratingFilter@326dbe25, org.springframework.security.web.authentication.ui.DefaultLogoutPageGeneratingFilter@14bd523b, org.springframework.security.web.authentication.www.BasicAuthenticationFilter@32b1e906, org.springframework.security.web.savedrequest.RequestCacheAwareFilter@1e836aed, org.springframework.security.web.servletapi.SecurityContextHolderAwareRequestFilter@4bc41565, org.springframework.security.web.authentication.AnonymousAuthenticationFilter@cc7909f, org.springframework.security.web.access.ExceptionTranslationFilter@3294102e, org.springframework.security.web.access.intercept.AuthorizationFilter@24a7725d]
2025-10-07 22:26:58 [main] INFO  o.s.b.w.e.tomcat.TomcatWebServer - Tomcat started on port 8080 (http) with context path '/api'
2025-10-07 22:26:58 [main] INFO  b.p.A.ArCarteiraDigitalApplication - Started ArCarteiraDigitalApplication in 3.638 seconds (process running for 4.67)
2025-10-07 22:27:04 [http-nio-8080-exec-1] INFO  o.a.c.c.C.[.[localhost].[/api] - Initializing Spring DispatcherServlet 'dispatcherServlet'
2025-10-07 22:27:04 [http-nio-8080-exec-1] INFO  o.s.web.servlet.DispatcherServlet - Initializing Servlet 'dispatcherServlet'
2025-10-07 22:27:04 [http-nio-8080-exec-1] DEBUG o.s.web.servlet.DispatcherServlet - Detected StandardServletMultipartResolver
2025-10-07 22:27:04 [http-nio-8080-exec-1] DEBUG o.s.web.servlet.DispatcherServlet - Detected AcceptHeaderLocaleResolver
2025-10-07 22:27:04 [http-nio-8080-exec-1] DEBUG o.s.web.servlet.DispatcherServlet - Detected FixedThemeResolver
2025-10-07 22:27:04 [http-nio-8080-exec-1] DEBUG o.s.web.servlet.DispatcherServlet - Detected org.springframework.web.servlet.view.DefaultRequestToViewNameTranslator@1abf951a
2025-10-07 22:27:04 [http-nio-8080-exec-1] DEBUG o.s.web.servlet.DispatcherServlet - Detected org.springframework.web.servlet.support.SessionFlashMapManager@1b841e7d
2025-10-07 22:27:04 [http-nio-8080-exec-1] DEBUG o.s.web.servlet.DispatcherServlet - enableLoggingRequestDetails='false': request parameters and headers will be masked to prevent unsafe logging of potentially sensitive data
2025-10-07 22:27:04 [http-nio-8080-exec-1] INFO  o.s.web.servlet.DispatcherServlet - Completed initialization in 1 ms
2025-10-07 22:27:04 [http-nio-8080-exec-1] DEBUG o.s.security.web.FilterChainProxy - Securing GET /login?error
2025-10-07 22:27:04 [http-nio-8080-exec-1] WARN  o.s.w.s.h.HandlerMappingIntrospector - Cache miss for REQUEST dispatch to '/api/login' (previous null). Performing CorsConfiguration lookup. This is logged once only at WARN level, and every time at TRACE.
2025-10-07 22:27:09 [http-nio-8080-exec-2] DEBUG o.s.security.web.FilterChainProxy - Securing GET /
2025-10-07 22:27:09 [http-nio-8080-exec-2] DEBUG o.s.s.w.a.AnonymousAuthenticationFilter - Set SecurityContextHolder to anonymous SecurityContext
2025-10-07 22:27:09 [http-nio-8080-exec-2] DEBUG o.s.s.w.s.HttpSessionRequestCache - Saved request http://localhost:8080/api/?continue to session
2025-10-07 22:27:09 [http-nio-8080-exec-2] DEBUG o.s.s.w.a.DelegatingAuthenticationEntryPoint - Trying to match using And [Not [RequestHeaderRequestMatcher [expectedHeaderName=X-Requested-With, expectedHeaderValue=XMLHttpRequest]], MediaTypeRequestMatcher [contentNegotiationStrategy=org.springframework.web.accept.ContentNegotiationManager@c1386b4, matchingMediaTypes=[application/xhtml+xml, image/*, text/html, text/plain], useEquals=false, ignoredMediaTypes=[*/*]]]
2025-10-07 22:27:09 [http-nio-8080-exec-2] DEBUG o.s.s.w.a.DelegatingAuthenticationEntryPoint - Match found! Executing org.springframework.security.web.authentication.LoginUrlAuthenticationEntryPoint@6fdd3382
2025-10-07 22:27:09 [http-nio-8080-exec-2] DEBUG o.s.s.web.DefaultRedirectStrategy - Redirecting to http://localhost:8080/api/login
2025-10-07 22:27:09 [http-nio-8080-exec-3] DEBUG o.s.security.web.FilterChainProxy - Securing GET /login
2025-10-07 22:27:13 [http-nio-8080-exec-4] DEBUG o.s.security.web.FilterChainProxy - Securing GET /
2025-10-07 22:27:13 [http-nio-8080-exec-4] DEBUG o.s.s.w.a.AnonymousAuthenticationFilter - Set SecurityContextHolder to anonymous SecurityContext
2025-10-07 22:27:13 [http-nio-8080-exec-4] DEBUG o.s.s.w.s.HttpSessionRequestCache - Saved request http://localhost:8080/api/?continue to session
2025-10-07 22:27:13 [http-nio-8080-exec-4] DEBUG o.s.s.w.a.DelegatingAuthenticationEntryPoint - Trying to match using And [Not [RequestHeaderRequestMatcher [expectedHeaderName=X-Requested-With, expectedHeaderValue=XMLHttpRequest]], MediaTypeRequestMatcher [contentNegotiationStrategy=org.springframework.web.accept.ContentNegotiationManager@c1386b4, matchingMediaTypes=[application/xhtml+xml, image/*, text/html, text/plain], useEquals=false, ignoredMediaTypes=[*/*]]]
2025-10-07 22:27:13 [http-nio-8080-exec-4] DEBUG o.s.s.w.a.DelegatingAuthenticationEntryPoint - Match found! Executing org.springframework.security.web.authentication.LoginUrlAuthenticationEntryPoint@6fdd3382
2025-10-07 22:27:13 [http-nio-8080-exec-4] DEBUG o.s.s.web.DefaultRedirectStrategy - Redirecting to http://localhost:8080/api/login
2025-10-07 22:27:13 [http-nio-8080-exec-5] DEBUG o.s.security.web.FilterChainProxy - Securing GET /login
2025-10-07 22:28:04 [SpringApplicationShutdownHook] INFO  o.s.o.j.LocalContainerEntityManagerFactoryBean - Closing JPA EntityManagerFactory for persistence unit 'default'
2025-10-07 22:28:04 [SpringApplicationShutdownHook] INFO  com.zaxxer.hikari.HikariDataSource - HikariPool-1 - Shutdown initiated...
2025-10-07 22:28:04 [SpringApplicationShutdownHook] INFO  com.zaxxer.hikari.HikariDataSource - HikariPool-1 - Shutdown completed.
